// Jest Snapshot v1, https://goo.gl/fbAQLP

exports[`CharacterFooter matches its snapshot 1`] = `
<div
  className="footer"
>
  <h3 />
</div>
`;
