// Jest Snapshot v1, https://goo.gl/fbAQLP

exports[`Empty matches its snapshot 1`] = `
ShallowWrapper {
  "length": 1,
  Symbol(enzyme.__root__): [Circular],
  Symbol(enzyme.__unrendered__): <Empty
    isSearching={false}
/>,
  Symbol(enzyme.__renderer__): Object {
    "batchedUpdates": [Function],
    "getNode": [Function],
    "render": [Function],
    "simulateEvent": [Function],
    "unmount": [Function],
  },
  Symbol(enzyme.__node__): Object {
    "instance": null,
    "key": null,
    "nodeType": "host",
    "props": Object {
      "children": "Start searching or add bookmarks to find your heroes",
      "className": "empty",
    },
    "ref": null,
    "rendered": "Start searching or add bookmarks to find your heroes",
    "type": "h2",
  },
  Symbol(enzyme.__nodes__): Array [
    Object {
      "instance": null,
      "key": null,
      "nodeType": "host",
      "props": Object {
        "children": "Start searching or add bookmarks to find your heroes",
        "className": "empty",
      },
      "ref": null,
      "rendered": "Start searching or add bookmarks to find your heroes",
      "type": "h2",
    },
  ],
  Symbol(enzyme.__options__): Object {
    "adapter": ReactSixteenAdapter {
      "options": Object {
        "enableComponentDidUpdateOnSetState": true,
      },
    },
  },
}
`;
